<!doctype html>
<html>
<head>
  <meta charset="utf-8" />
  <meta name="viewport" content="width=device-width, initial-scale=1" />
  <title>&lt;script&gt;&lt;/script&gt;&lt;&lt;&lt;Customized title&gt;&gt;&gt;[][]🐊</title>
</head>
<body>
  <p><a href="/">My library</a>
: <a href="/directory-listing">directory-listing</a>
: </p>
  <h1>&lt;script&gt;&lt;/script&gt;&lt;&lt;&lt;Customized title&gt;&gt;&gt;[][]🐊</h1>
  <hr/>
  <div><li><a href="/directory-listing/Files/a">A</a>
</li><li><a href="/directory-listing/Files/b">B</a>
</li><li><a href="/directory-listing/Files/c">C</a>
</li></div>
</body>
</html>
